// Jest Snapshot v1, https://goo.gl/fbAQLP

exports[`Fermenter execution matching snapshots failingStepTest 1`] = `
"FAIL src/tests/execution/failingStepTest.ts
  Feature: Test Execution
    Scenario: Failing steps exit a scenario gracefully
      ✓ Given: A step which passes
      ✕ When: This step fails
      ✓ Then: This step's function should not execute

  ● Feature: Test Execution › Scenario: Failing steps exit a scenario gracefully › When: This step fails

    Should error

       5 |     .Given('A step which passes', () => 1)
       6 |     .When('This step fails', () => {
    >  7 |       throw new Error('Should error');
         |             ^
       8 |     })
       9 |     .Then(\`This step's function should not execute\`, () => {
      10 |       throw new Error('Shouldnt error');

      at Object.Scenario.Given.When [as fn] (src/tests/execution/failingStepTest.ts:7:13)
      at src/Feature.ts:132:28
      at src/Feature.ts:7:71
      at Object.<anonymous>.__awaiter (src/Feature.ts:3:12)
      at executeStep (src/Feature.ts:76:12)
      at src/Feature.ts:220:32
      at src/Feature.ts:7:71
      at Object.<anonymous>.__awaiter (src/Feature.ts:3:12)
      at Object.testFn (src/Feature.ts:208:33)

Test Suites: 1 failed, 1 total
Tests:       1 failed, 2 passed, 3 total
"
`;
